
flat@DESKTOP-266RI19 MINGW64 ~/Desktop/gittest
$ ll
total 0

flat@DESKTOP-266RI19 MINGW64 ~/Desktop/gittest
$ ls-la
bash: ls-la: command not found

flat@DESKTOP-266RI19 MINGW64 ~/Desktop/gittest
$ la-lA
bash: la-lA: command not found

flat@DESKTOP-266RI19 MINGW64 ~/Desktop/gittest
$ la -lA
bash: la: command not found

flat@DESKTOP-266RI19 MINGW64 ~/Desktop/gittest
$ ls -lA
total 0

flat@DESKTOP-266RI19 MINGW64 ~/Desktop/gittest
$ ls -l|less

flat@DESKTOP-266RI19 MINGW64 ~/Desktop/gittest
$

flat@DESKTOP-266RI19 MINGW64 ~/Desktop/gittest
$ git init
Initialized empty Git repository in C:/Users/flat/Desktop/gittest/.git/

flat@DESKTOP-266RI19 MINGW64 ~/Desktop/gittest (master)
$ mkdir WeChat

flat@DESKTOP-266RI19 MINGW64 ~/Desktop/gittest (master)
$ ll
total 0
drwxr-xr-x 1 flat 197609 0 May 29 19:40 WeChat/

flat@DESKTOP-266RI19 MINGW64 ~/Desktop/gittest (master)
$ ll -lA
total 4
drwxr-xr-x 1 flat 197609 0 May 29 19:40 .git/
drwxr-xr-x 1 flat 197609 0 May 29 19:40 WeChat/

flat@DESKTOP-266RI19 MINGW64 ~/Desktop/gittest (master)
$ pwd
/c/Users/flat/Desktop/gittest

flat@DESKTOP-266RI19 MINGW64 ~/Desktop/gittest (master)
$ ls -lA
total 4
drwxr-xr-x 1 flat 197609 0 May 29 19:40 .git/
drwxr-xr-x 1 flat 197609 0 May 29 19:40 WeChat/

flat@DESKTOP-266RI19 MINGW64 ~/Desktop/gittest (master)
$ ll .git/
total 7
-rw-r--r-- 1 flat 197609  23 May 29 19:40 HEAD
-rw-r--r-- 1 flat 197609 130 May 29 19:40 config
-rw-r--r-- 1 flat 197609  73 May 29 19:40 description
drwxr-xr-x 1 flat 197609   0 May 29 19:40 hooks/
drwxr-xr-x 1 flat 197609   0 May 29 19:40 info/
drwxr-xr-x 1 flat 197609   0 May 29 19:40 objects/
drwxr-xr-x 1 flat 197609   0 May 29 19:40 refs/

flat@DESKTOP-266RI19 MINGW64 ~/Desktop/gittest (master)
$ git config user.name flat

flat@DESKTOP-266RI19 MINGW64 ~/Desktop/gittest (master)
$ git config user.email 822836401@qq.com

flat@DESKTOP-266RI19 MINGW64 ~/Desktop/gittest (master)
$ cat .git/config
[core]
        repositoryformatversion = 0
        filemode = false
        bare = false
        logallrefupdates = true
        symlinks = false
        ignorecase = true
[user]
        name = flat
        email = 822836401@qq.com

flat@DESKTOP-266RI19 MINGW64 ~/Desktop/gittest (master)
$ git status
On branch master

No commits yet

nothing to commit (create/copy files and use "git add" to track)

flat@DESKTOP-266RI19 MINGW64 ~/Desktop/gittest (master)
$ vim good.txt

flat@DESKTOP-266RI19 MINGW64 ~/Desktop/gittest (master)
$ git status
On branch master

No commits yet

Untracked files:
  (use "git add <file>..." to include in what will be committed)
        good.txt

nothing added to commit but untracked files present (use "git add" to track)

flat@DESKTOP-266RI19 MINGW64 ~/Desktop/gittest (master)
$ git add good.txt
warning: LF will be replaced by CRLF in good.txt.
The file will have its original line endings in your working directory

flat@DESKTOP-266RI19 MINGW64 ~/Desktop/gittest (master)
$ git status
On branch master

No commits yet

Changes to be committed:
  (use "git rm --cached <file>..." to unstage)
        new file:   good.txt


flat@DESKTOP-266RI19 MINGW64 ~/Desktop/gittest (master)
$ git rm --cached good.txt
rm 'good.txt'

flat@DESKTOP-266RI19 MINGW64 ~/Desktop/gittest (master)
$ git status
On branch master

No commits yet

Untracked files:
  (use "git add <file>..." to include in what will be committed)
        good.txt

nothing added to commit but untracked files present (use "git add" to track)

flat@DESKTOP-266RI19 MINGW64 ~/Desktop/gittest (master)
$ git add good.txt
warning: LF will be replaced by CRLF in good.txt.
The file will have its original line endings in your working directory

flat@DESKTOP-266RI19 MINGW64 ~/Desktop/gittest (master)
$ git status
On branch master

No commits yet

Changes to be committed:
  (use "git rm --cached <file>..." to unstage)
        new file:   good.txt


flat@DESKTOP-266RI19 MINGW64 ~/Desktop/gittest (master)
$ git commit good.txt
warning: LF will be replaced by CRLF in good.txt.
The file will have its original line endings in your working directory
Aborting commit due to empty commit message.

flat@DESKTOP-266RI19 MINGW64 ~/Desktop/gittest (master)
$ git status
On branch master

No commits yet

Changes to be committed:
  (use "git rm --cached <file>..." to unstage)
        new file:   good.txt


flat@DESKTOP-266RI19 MINGW64 ~/Desktop/gittest (master)
$ git commit good.txt -m 'init'
warning: LF will be replaced by CRLF in good.txt.
The file will have its original line endings in your working directory
[master (root-commit) 60e6ddb] init
 1 file changed, 4 insertions(+)
 create mode 100644 good.txt

flat@DESKTOP-266RI19 MINGW64 ~/Desktop/gittest (master)
$ git status
On branch master
nothing to commit, working tree clean

flat@DESKTOP-266RI19 MINGW64 ~/Desktop/gittest (master)
$ cat good.txt
aa
fffs
vfddv


flat@DESKTOP-266RI19 MINGW64 ~/Desktop/gittest (master)
$ vim good.txt

flat@DESKTOP-266RI19 MINGW64 ~/Desktop/gittest (master)
$ git status
On branch master
Changes not staged for commit:
  (use "git add <file>..." to update what will be committed)
  (use "git restore <file>..." to discard changes in working directory)
        modified:   good.txt

no changes added to commit (use "git add" and/or "git commit -a")

flat@DESKTOP-266RI19 MINGW64 ~/Desktop/gittest (master)
$ git add good.txt
warning: LF will be replaced by CRLF in good.txt.
The file will have its original line endings in your working directory

flat@DESKTOP-266RI19 MINGW64 ~/Desktop/gittest (master)
$ git commit good.txt -m 'two edit'
warning: LF will be replaced by CRLF in good.txt.
The file will have its original line endings in your working directory
[master e72d436] two edit
 1 file changed, 1 insertion(+)

flat@DESKTOP-266RI19 MINGW64 ~/Desktop/gittest (master)
$ git status
On branch master
nothing to commit, working tree clean

flat@DESKTOP-266RI19 MINGW64 ~/Desktop/gittest (master)
$ git log
commit e72d436817b2c4d12029ab1739c7fb3252934639 (HEAD -> master)
Author: flat <822836401@qq.com>
Date:   Sun May 29 20:34:06 2022 +0800

    two edit

commit 60e6ddb3e6604f1ffdd62b21f622a301b0a44458
Author: flat <822836401@qq.com>
Date:   Sun May 29 20:24:04 2022 +0800

    init

flat@DESKTOP-266RI19 MINGW64 ~/Desktop/gittest (master)
$ git log --pretty=oneline
e72d436817b2c4d12029ab1739c7fb3252934639 (HEAD -> master) two edit
60e6ddb3e6604f1ffdd62b21f622a301b0a44458 init

flat@DESKTOP-266RI19 MINGW64 ~/Desktop/gittest (master)
$ git log --oneline
e72d436 (HEAD -> master) two edit
60e6ddb init

flat@DESKTOP-266RI19 MINGW64 ~/Desktop/gittest (master)
$ git reflog
e72d436 (HEAD -> master) HEAD@{0}: commit: two edit
60e6ddb HEAD@{1}: commit (initial): init

flat@DESKTOP-266RI19 MINGW64 ~/Desktop/gittest (master)
$


flat@DESKTOP-266RI19 MINGW64 ~/Desktop/gittest (master)
$ git reflog
e72d436 (HEAD -> master) HEAD@{0}: commit: two edit
60e6ddb HEAD@{1}: commit (initial): init

flat@DESKTOP-266RI19 MINGW64 ~/Desktop/gittest (master)
$ git reset --hard ^C

flat@DESKTOP-266RI19 MINGW64 ~/Desktop/gittest (master)
$ git reset --hard 60e6ddb
HEAD is now at 60e6ddb init

flat@DESKTOP-266RI19 MINGW64 ~/Desktop/gittest (master)
$ git reflog
60e6ddb (HEAD -> master) HEAD@{0}: reset: moving to 60e6ddb
e72d436 HEAD@{1}: commit: two edit
60e6ddb (HEAD -> master) HEAD@{2}: commit (initial): init

flat@DESKTOP-266RI19 MINGW64 ~/Desktop/gittest (master)
$ cat good.txt
aa
fffs
vfddv


flat@DESKTOP-266RI19 MINGW64 ~/Desktop/gittest (master)
$ git reset --e72d436
error: unknown option `e72d436'
usage: git reset [--mixed | --soft | --hard | --merge | --keep] [-q] [<commit>]
   or: git reset [-q] [<tree-ish>] [--] <pathspec>...
   or: git reset [-q] [--pathspec-from-file [--pathspec-file-nul]] [<tree-ish>]
   or: git reset --patch [<tree-ish>] [--] [<pathspec>...]
   or: DEPRECATED: git reset [-q] [--stdin [-z]] [<tree-ish>]

    -q, --quiet           be quiet, only report errors
    --mixed               reset HEAD and index
    --soft                reset only HEAD
    --hard                reset HEAD, index and working tree
    --merge               reset HEAD, index and working tree
    --keep                reset HEAD but keep local changes
    --recurse-submodules[=<reset>]
                          control recursive updating of submodules
    -p, --patch           select hunks interactively
    -N, --intent-to-add   record only the fact that removed paths will be added later
    --pathspec-from-file <file>
                          read pathspec from file
    --pathspec-file-nul   with --pathspec-from-file, pathspec elements are separated with NUL character
    -z                    DEPRECATED (use --pathspec-file-nul instead): paths are separated with NUL character
    --stdin               DEPRECATED (use --pathspec-from-file=- instead): read paths from <stdin>


flat@DESKTOP-266RI19 MINGW64 ~/Desktop/gittest (master)
$ cls
bash: cls: command not found

flat@DESKTOP-266RI19 MINGW64 ~/Desktop/gittest (master)
$ git reset --hard e72d436
HEAD is now at e72d436 two edit

flat@DESKTOP-266RI19 MINGW64 ~/Desktop/gittest (master)
$ cat good.txt
aa
fffs
vfddv
uuuuet numu


flat@DESKTOP-266RI19 MINGW64 ~/Desktop/gittest (master)
$ git reflog
e72d436 (HEAD -> master) HEAD@{0}: reset: moving to e72d436
60e6ddb HEAD@{1}: reset: moving to 60e6ddb
e72d436 (HEAD -> master) HEAD@{2}: commit: two edit
60e6ddb HEAD@{3}: commit (initial): init

flat@DESKTOP-266RI19 MINGW64 ~/Desktop/gittest (master)
$ git reset --hard HEAD^^^
fatal: ambiguous argument 'HEAD^^^': unknown revision or path not in the working tree.
Use '--' to separate paths from revisions, like this:
'git <command> [<revision>...] -- [<file>...]'

flat@DESKTOP-266RI19 MINGW64 ~/Desktop/gittest (master)
$ git reset --hard HEAD^
HEAD is now at 60e6ddb init

flat@DESKTOP-266RI19 MINGW64 ~/Desktop/gittest (master)
$ git reset --hard HEAD^
fatal: ambiguous argument 'HEAD^': unknown revision or path not in the working tree.
Use '--' to separate paths from revisions, like this:
'git <command> [<revision>...] -- [<file>...]'

flat@DESKTOP-266RI19 MINGW64 ~/Desktop/gittest (master)
$ cls
bash: cls: command not found

flat@DESKTOP-266RI19 MINGW64 ~/Desktop/gittest (master)
$ git reflog
60e6ddb (HEAD -> master) HEAD@{0}: reset: moving to HEAD^
e72d436 HEAD@{1}: reset: moving to e72d436
60e6ddb (HEAD -> master) HEAD@{2}: reset: moving to 60e6ddb
e72d436 HEAD@{3}: commit: two edit
60e6ddb (HEAD -> master) HEAD@{4}: commit (initial): init

flat@DESKTOP-266RI19 MINGW64 ~/Desktop/gittest (master)
$ vim good.txt

flat@DESKTOP-266RI19 MINGW64 ~/Desktop/gittest (master)
$ cat good.txt
aa
fffs
vfddv


flat@DESKTOP-266RI19 MINGW64 ~/Desktop/gittest (master)
$ git reset --hard HEAD~
fatal: ambiguous argument 'HEAD~': unknown revision or path not in the working tree.
Use '--' to separate paths from revisions, like this:
'git <command> [<revision>...] -- [<file>...]'

flat@DESKTOP-266RI19 MINGW64 ~/Desktop/gittest (master)
$ git log --online
fatal: unrecognized argument: --online

flat@DESKTOP-266RI19 MINGW64 ~/Desktop/gittest (master)
$ git log --oneline
60e6ddb (HEAD -> master) init

flat@DESKTOP-266RI19 MINGW64 ~/Desktop/gittest (master)
$ git log --oneline
60e6ddb (HEAD -> master) init

flat@DESKTOP-266RI19 MINGW64 ~/Desktop/gittest (master)
$ git reflog
60e6ddb (HEAD -> master) HEAD@{0}: reset: moving to HEAD^
e72d436 HEAD@{1}: reset: moving to e72d436
60e6ddb (HEAD -> master) HEAD@{2}: reset: moving to 60e6ddb
e72d436 HEAD@{3}: commit: two edit
60e6ddb (HEAD -> master) HEAD@{4}: commit (initial): init

flat@DESKTOP-266RI19 MINGW64 ~/Desktop/gittest (master)
$ git reset --hard HEAD~2
fatal: ambiguous argument 'HEAD~2': unknown revision or path not in the working tree.
Use '--' to separate paths from revisions, like this:
'git <command> [<revision>...] -- [<file>...]'

flat@DESKTOP-266RI19 MINGW64 ~/Desktop/gittest (master)
$ git reset --hard HEAD~
fatal: ambiguous argument 'HEAD~': unknown revision or path not in the working tree.
Use '--' to separate paths from revisions, like this:
'git <command> [<revision>...] -- [<file>...]'

flat@DESKTOP-266RI19 MINGW64 ~/Desktop/gittest (master)
$ git reset --hard HEAD^2
fatal: ambiguous argument 'HEAD^2': unknown revision or path not in the working tree.
Use '--' to separate paths from revisions, like this:
'git <command> [<revision>...] -- [<file>...]'

flat@DESKTOP-266RI19 MINGW64 ~/Desktop/gittest (master)
$ git reflog
60e6ddb (HEAD -> master) HEAD@{0}: reset: moving to HEAD^
e72d436 HEAD@{1}: reset: moving to e72d436
60e6ddb (HEAD -> master) HEAD@{2}: reset: moving to 60e6ddb
e72d436 HEAD@{3}: commit: two edit
60e6ddb (HEAD -> master) HEAD@{4}: commit (initial): init


flat@DESKTOP-266RI19 MINGW64 ~/Desktop/gittest (master)
$

flat@DESKTOP-266RI19 MINGW64 ~/Desktop/gittest (master)
$ cat good.txt
aa
fffs
vfddv


flat@DESKTOP-266RI19 MINGW64 ~/Desktop/gittest (master)
$ git reset --hard 60e6ddb
HEAD is now at 60e6ddb init

flat@DESKTOP-266RI19 MINGW64 ~/Desktop/gittest (master)
$ cat good.txt
aa
fffs
vfddv


flat@DESKTOP-266RI19 MINGW64 ~/Desktop/gittest (master)
$ git reset --hard e72d436
HEAD is now at e72d436 two edit

flat@DESKTOP-266RI19 MINGW64 ~/Desktop/gittest (master)
$ cat good.txt
aa
fffs
vfddv
uuuuet numu


flat@DESKTOP-266RI19 MINGW64 ~/Desktop/gittest (master)
$ git status
On branch master
nothing to commit, working tree clean

flat@DESKTOP-266RI19 MINGW64 ~/Desktop/gittest (master)
$ git reset --hard 60e6ddb
HEAD is now at 60e6ddb init

flat@DESKTOP-266RI19 MINGW64 ~/Desktop/gittest (master)
$ git status
On branch master
nothing to commit, working tree clean

flat@DESKTOP-266RI19 MINGW64 ~/Desktop/gittest (master)
$ vim

flat@DESKTOP-266RI19 MINGW64 ~/Desktop/gittest (master)
$ vim good.txt

flat@DESKTOP-266RI19 MINGW64 ~/Desktop/gittest (master)
$ git add good.txt

flat@DESKTOP-266RI19 MINGW64 ~/Desktop/gittest (master)
$ git commit -m "three" good.txt
[master f00c2ff] three
 1 file changed, 1 insertion(+), 1 deletion(-)

flat@DESKTOP-266RI19 MINGW64 ~/Desktop/gittest (master)
$ vim good.txt

flat@DESKTOP-266RI19 MINGW64 ~/Desktop/gittest (master)
$ git add good.txt

flat@DESKTOP-266RI19 MINGW64 ~/Desktop/gittest (master)
$ git commit -m 'm' good.txt
[master 516c737] m
 1 file changed, 3 insertions(+), 1 deletion(-)

flat@DESKTOP-266RI19 MINGW64 ~/Desktop/gittest (master)
$ vim good.txt

flat@DESKTOP-266RI19 MINGW64 ~/Desktop/gittest (master)
$ git add good.txt

flat@DESKTOP-266RI19 MINGW64 ~/Desktop/gittest (master)
$ git commit -m 't' good.txt
[master ca68a8b] t
 1 file changed, 1 insertion(+)

flat@DESKTOP-266RI19 MINGW64 ~/Desktop/gittest (master)
$ git reflog
ca68a8b (HEAD -> master) HEAD@{0}: commit: t
516c737 HEAD@{1}: commit: m
f00c2ff HEAD@{2}: commit: three
60e6ddb HEAD@{3}: reset: moving to 60e6ddb
e72d436 HEAD@{4}: reset: moving to e72d436
60e6ddb HEAD@{5}: reset: moving to 60e6ddb
60e6ddb HEAD@{6}: reset: moving to HEAD^
e72d436 HEAD@{7}: reset: moving to e72d436
60e6ddb HEAD@{8}: reset: moving to 60e6ddb
e72d436 HEAD@{9}: commit: two edit
60e6ddb HEAD@{10}: commit (initial): init

flat@DESKTOP-266RI19 MINGW64 ~/Desktop/gittest (master)
$ cat good.txt
aa
fffs
vfddv
kkkki
llll
tttt


flat@DESKTOP-266RI19 MINGW64 ~/Desktop/gittest (master)
$ git reset --hard 60e6ddb
HEAD is now at 60e6ddb init

flat@DESKTOP-266RI19 MINGW64 ~/Desktop/gittest (master)
$ vim good.txt

flat@DESKTOP-266RI19 MINGW64 ~/Desktop/gittest (master)
$ git status
On branch master
nothing to commit, working tree clean

flat@DESKTOP-266RI19 MINGW64 ~/Desktop/gittest (master)
$ git reset --mixed 60e6ddb

flat@DESKTOP-266RI19 MINGW64 ~/Desktop/gittest (master)
$ git status
On branch master
nothing to commit, working tree clean

flat@DESKTOP-266RI19 MINGW64 ~/Desktop/gittest (master)
$ m
bash: m: command not found

flat@DESKTOP-266RI19 MINGW64 ~/Desktop/gittest (master)
$ cat good.txt
aa
fffs
vfddv


flat@DESKTOP-266RI19 MINGW64 ~/Desktop/gittest (master)
$ git log --oneline
60e6ddb (HEAD -> master) init

flat@DESKTOP-266RI19 MINGW64 ~/Desktop/gittest (master)
$ git reflog
60e6ddb (HEAD -> master) HEAD@{0}: reset: moving to 60e6ddb
60e6ddb (HEAD -> master) HEAD@{1}: reset: moving to 60e6ddb
ca68a8b HEAD@{2}: commit: t
516c737 HEAD@{3}: commit: m
f00c2ff HEAD@{4}: commit: three
60e6ddb (HEAD -> master) HEAD@{5}: reset: moving to 60e6ddb
e72d436 HEAD@{6}: reset: moving to e72d436
60e6ddb (HEAD -> master) HEAD@{7}: reset: moving to 60e6ddb
60e6ddb (HEAD -> master) HEAD@{8}: reset: moving to HEAD^
e72d436 HEAD@{9}: reset: moving to e72d436
60e6ddb (HEAD -> master) HEAD@{10}: reset: moving to 60e6ddb
e72d436 HEAD@{11}: commit: two edit
60e6ddb (HEAD -> master) HEAD@{12}: commit (initial): init

flat@DESKTOP-266RI19 MINGW64 ~/Desktop/gittest (master)
$ git reset --hard HEAD
HEAD is now at 60e6ddb init

flat@DESKTOP-266RI19 MINGW64 ~/Desktop/gittest (master)
$ git reset --hard ca68a8b
HEAD is now at ca68a8b t

flat@DESKTOP-266RI19 MINGW64 ~/Desktop/gittest (master)
$ cat good.txt
aa
fffs
vfddv
kkkki
llll
tttt


flat@DESKTOP-266RI19 MINGW64 ~/Desktop/gittest (master)
$ git reflog
ca68a8b (HEAD -> master) HEAD@{0}: reset: moving to ca68a8b
60e6ddb HEAD@{1}: reset: moving to HEAD
60e6ddb HEAD@{2}: reset: moving to 60e6ddb
60e6ddb HEAD@{3}: reset: moving to 60e6ddb
ca68a8b (HEAD -> master) HEAD@{4}: commit: t
516c737 HEAD@{5}: commit: m
f00c2ff HEAD@{6}: commit: three
60e6ddb HEAD@{7}: reset: moving to 60e6ddb
e72d436 HEAD@{8}: reset: moving to e72d436
60e6ddb HEAD@{9}: reset: moving to 60e6ddb
60e6ddb HEAD@{10}: reset: moving to HEAD^
e72d436 HEAD@{11}: reset: moving to e72d436
60e6ddb HEAD@{12}: reset: moving to 60e6ddb
e72d436 HEAD@{13}: commit: two edit
60e6ddb HEAD@{14}: commit (initial): init

flat@DESKTOP-266RI19 MINGW64 ~/Desktop/gittest (master)
$ vim aaa.tx

flat@DESKTOP-266RI19 MINGW64 ~/Desktop/gittest (master)
$ vim aaa.txt

flat@DESKTOP-266RI19 MINGW64 ~/Desktop/gittest (master)
$ git add aaa.txt
warning: LF will be replaced by CRLF in aaa.txt.
The file will have its original line endings in your working directory

flat@DESKTOP-266RI19 MINGW64 ~/Desktop/gittest (master)
$ git commit -m "init aaa.txt" aaa.txt
warning: LF will be replaced by CRLF in aaa.txt.
The file will have its original line endings in your working directory
[master e3184aa] init aaa.txt
 1 file changed, 4 insertions(+)
 create mode 100644 aaa.txt

flat@DESKTOP-266RI19 MINGW64 ~/Desktop/gittest (master)
$ git status
On branch master
nothing to commit, working tree clean

flat@DESKTOP-266RI19 MINGW64 ~/Desktop/gittest (master)
$ rm aaa.txt

flat@DESKTOP-266RI19 MINGW64 ~/Desktop/gittest (master)
$ ll
total 1
drwxr-xr-x 1 flat 197609  0 May 29 19:40 WeChat/
-rw-r--r-- 1 flat 197609 38 May 29 22:15 good.txt

flat@DESKTOP-266RI19 MINGW64 ~/Desktop/gittest (master)
$ git status
On branch master
Changes not staged for commit:
  (use "git add/rm <file>..." to update what will be committed)
  (use "git restore <file>..." to discard changes in working directory)
        deleted:    aaa.txt

no changes added to commit (use "git add" and/or "git commit -a")

flat@DESKTOP-266RI19 MINGW64 ~/Desktop/gittest (master)
$ git add aaa.txt

flat@DESKTOP-266RI19 MINGW64 ~/Desktop/gittest (master)
$ git status
On branch master
Changes to be committed:
  (use "git restore --staged <file>..." to unstage)
        deleted:    aaa.txt


flat@DESKTOP-266RI19 MINGW64 ~/Desktop/gittest (master)
$ git commit -m "del aaa.txt" aaa.txt
[master fa69898] del aaa.txt
 1 file changed, 4 deletions(-)
 delete mode 100644 aaa.txt

flat@DESKTOP-266RI19 MINGW64 ~/Desktop/gittest (master)
$ git status
On branch master
nothing to commit, working tree clean

flat@DESKTOP-266RI19 MINGW64 ~/Desktop/gittest (master)
$ git reflog
fa69898 (HEAD -> master) HEAD@{0}: commit: del aaa.txt
e3184aa HEAD@{1}: commit: init aaa.txt
ca68a8b HEAD@{2}: reset: moving to ca68a8b
60e6ddb HEAD@{3}: reset: moving to HEAD
60e6ddb HEAD@{4}: reset: moving to 60e6ddb
60e6ddb HEAD@{5}: reset: moving to 60e6ddb
ca68a8b HEAD@{6}: commit: t
516c737 HEAD@{7}: commit: m
f00c2ff HEAD@{8}: commit: three
60e6ddb HEAD@{9}: reset: moving to 60e6ddb
e72d436 HEAD@{10}: reset: moving to e72d436
60e6ddb HEAD@{11}: reset: moving to 60e6ddb
60e6ddb HEAD@{12}: reset: moving to HEAD^
e72d436 HEAD@{13}: reset: moving to e72d436
60e6ddb HEAD@{14}: reset: moving to 60e6ddb
e72d436 HEAD@{15}: commit: two edit
60e6ddb HEAD@{16}: commit (initial): init

flat@DESKTOP-266RI19 MINGW64 ~/Desktop/gittest (master)
$ git diff good.txt

flat@DESKTOP-266RI19 MINGW64 ~/Desktop/gittest (master)
$ vim good.txt

flat@DESKTOP-266RI19 MINGW64 ~/Desktop/gittest (master)
$ git diff good.txt
diff --git a/good.txt b/good.txt
index 639fe79..9c2db8c 100644
--- a/good.txt
+++ b/good.txt
@@ -1,4 +1,4 @@
-aa
+kkkkaa
 fffs
 vfddv
 kkkki

flat@DESKTOP-266RI19 MINGW64 ~/Desktop/gittest (master)
$

<<<<<<< HEAD
flat@DESKTOP-266RI19 MINGW64 ~/Desktop/gittest (master)
$ git status
On branch master
Changes not staged for commit:
  (use "git add <file>..." to update what will be committed)
  (use "git restore <file>..." to discard changes in working directory)
        modified:   good.txt

Untracked files:
  (use "git add <file>..." to include in what will be committed)
        log.txt

no changes added to commit (use "git add" and/or "git commit -a")

flat@DESKTOP-266RI19 MINGW64 ~/Desktop/gittest (master)
$ git branch -v
* master fa69898 del aaa.txt

flat@DESKTOP-266RI19 MINGW64 ~/Desktop/gittest (master)
$ git branch test01

flat@DESKTOP-266RI19 MINGW64 ~/Desktop/gittest (master)
$ git branch -v
* master fa69898 del aaa.txt
  test01 fa69898 del aaa.txt

flat@DESKTOP-266RI19 MINGW64 ~/Desktop/gittest (master)
$ git checkout test01
Switched to branch 'test01'
M       good.txt

flat@DESKTOP-266RI19 MINGW64 ~/Desktop/gittest (test01)
$ git branch -v
  master fa69898 del aaa.txt
* test01 fa69898 del aaa.txt

flat@DESKTOP-266RI19 MINGW64 ~/Desktop/gittest (test01)
$ vim good.txt

flat@DESKTOP-266RI19 MINGW64 ~/Desktop/gittest (test01)
$ git add good.txt

flat@DESKTOP-266RI19 MINGW64 ~/Desktop/gittest (test01)
$ git status
On branch test01
Changes to be committed:
  (use "git restore --staged <file>..." to unstage)
        modified:   good.txt

Untracked files:
  (use "git add <file>..." to include in what will be committed)
        log.txt


flat@DESKTOP-266RI19 MINGW64 ~/Desktop/gittest (test01)
$ git commit -m "test init" good.txt
[test01 d62b0a7] test init
 1 file changed, 2 insertions(+), 2 deletions(-)

flat@DESKTOP-266RI19 MINGW64 ~/Desktop/gittest (test01)
$ cat good.txt
kkkkaa
fffs
vfddv
kkkki
llll
tttt
edit branch by test01

flat@DESKTOP-266RI19 MINGW64 ~/Desktop/gittest (test01)
$ git branch -v
  master fa69898 del aaa.txt
* test01 d62b0a7 test init

flat@DESKTOP-266RI19 MINGW64 ~/Desktop/gittest (test01)
$ git checkout master
Switched to branch 'master'

flat@DESKTOP-266RI19 MINGW64 ~/Desktop/gittest (master)
$ cat good.txt
aa
fffs
vfddv
kkkki
llll
tttt


flat@DESKTOP-266RI19 MINGW64 ~/Desktop/gittest (master)
$ git checkout test01
Switched to branch 'test01'

flat@DESKTOP-266RI19 MINGW64 ~/Desktop/gittest (test01)
$ git branch -v
  master fa69898 del aaa.txt
* test01 d62b0a7 test init

flat@DESKTOP-266RI19 MINGW64 ~/Desktop/gittest (test01)
$ git checkout master
Switched to branch 'master'

flat@DESKTOP-266RI19 MINGW64 ~/Desktop/gittest (master)
$ git branch -v
* master fa69898 del aaa.txt
  test01 d62b0a7 test init

flat@DESKTOP-266RI19 MINGW64 ~/Desktop/gittest (master)
$ git merge test01
Updating fa69898..d62b0a7
Fast-forward
 good.txt | 4 ++--
 1 file changed, 2 insertions(+), 2 deletions(-)

flat@DESKTOP-266RI19 MINGW64 ~/Desktop/gittest (master)
$ git diff

flat@DESKTOP-266RI19 MINGW64 ~/Desktop/gittest (master)
$ vim good.txt

flat@DESKTOP-266RI19 MINGW64 ~/Desktop/gittest (master)
$ vim good.txt

flat@DESKTOP-266RI19 MINGW64 ~/Desktop/gittest (master)
$ git checkout test01
Switched to branch 'test01'
M       good.txt

flat@DESKTOP-266RI19 MINGW64 ~/Desktop/gittest (test01)
$ vim good.txt

flat@DESKTOP-266RI19 MINGW64 ~/Desktop/gittest (test01)
$ git add good.txt

flat@DESKTOP-266RI19 MINGW64 ~/Desktop/gittest (test01)
$ git commit -m "2" good.txt
[test01 284b068] 2
 1 file changed, 1 insertion(+)

flat@DESKTOP-266RI19 MINGW64 ~/Desktop/gittest (test01)
$ git checkout master
Switched to branch 'master'

flat@DESKTOP-266RI19 MINGW64 ~/Desktop/gittest (master)
$ git add good.txt

flat@DESKTOP-266RI19 MINGW64 ~/Desktop/gittest (master)
$ git commit -m "1" good.txt
On branch master
Untracked files:
  (use "git add <file>..." to include in what will be committed)
        log.txt

nothing added to commit but untracked files present (use "git add" to track)

flat@DESKTOP-266RI19 MINGW64 ~/Desktop/gittest (master)
$ git merge
fatal: No remote for the current branch.

flat@DESKTOP-266RI19 MINGW64 ~/Desktop/gittest (master)
$ git merge test01
Updating d62b0a7..284b068
Fast-forward
 good.txt | 1 +
 1 file changed, 1 insertion(+)

flat@DESKTOP-266RI19 MINGW64 ~/Desktop/gittest (master)
$ cat good.txt
kkkkaa
fffs
vfddv
kkkki
llll
tttt
edit branch by test01
2

flat@DESKTOP-266RI19 MINGW64 ~/Desktop/gittest (master)
$ vim good.txt

flat@DESKTOP-266RI19 MINGW64 ~/Desktop/gittest (master)
$ git add good.txt

flat@DESKTOP-266RI19 MINGW64 ~/Desktop/gittest (master)
$ git commit good.txt
[master 64fc547] 3
 1 file changed, 1 insertion(+), 1 deletion(-)

flat@DESKTOP-266RI19 MINGW64 ~/Desktop/gittest (master)
$ git checkout test01
Switched to branch 'test01'

flat@DESKTOP-266RI19 MINGW64 ~/Desktop/gittest (test01)
$ vim good.txt

[1]+  Stopped                 vim good.txt

flat@DESKTOP-266RI19 MINGW64 ~/Desktop/gittest (test01)
$ vim good.txt

[No write since last change]
/usr/bin/bash: q: command not found

shell returned 127

Press ENTER or type command to continue

flat@DESKTOP-266RI19 MINGW64 ~/Desktop/gittest (test01)
$ vim good.txt

flat@DESKTOP-266RI19 MINGW64 ~/Desktop/gittest (test01)
$ vim good.txt

flat@DESKTOP-266RI19 MINGW64 ~/Desktop/gittest (test01)
$ git merge master
Updating 284b068..64fc547
Fast-forward
 good.txt | 2 +-
 1 file changed, 1 insertion(+), 1 deletion(-)

flat@DESKTOP-266RI19 MINGW64 ~/Desktop/gittest (test01)
$ git add good.txt

flat@DESKTOP-266RI19 MINGW64 ~/Desktop/gittest (test01)
$ git commit good.txt -m "4"
On branch test01
Untracked files:
  (use "git add <file>..." to include in what will be committed)
        .good.txt.swp
        log.txt

nothing added to commit but untracked files present (use "git add" to track)

flat@DESKTOP-266RI19 MINGW64 ~/Desktop/gittest (test01)
$ delete ^C

flat@DESKTOP-266RI19 MINGW64 ~/Desktop/gittest (test01)
$ delete   .good.txt.swp
bash: delete: command not found

flat@DESKTOP-266RI19 MINGW64 ~/Desktop/gittest (test01)
$ git rm .good.txt.swp
fatal: pathspec '.good.txt.swp' did not match any files

flat@DESKTOP-266RI19 MINGW64 ~/Desktop/gittest (test01)
$ git rm .good.txt.swp
fatal: pathspec '.good.txt.swp' did not match any files

flat@DESKTOP-266RI19 MINGW64 ~/Desktop/gittest (test01)
$ ^C

flat@DESKTOP-266RI19 MINGW64 ~/Desktop/gittest (test01)
$ git add .

flat@DESKTOP-266RI19 MINGW64 ~/Desktop/gittest (test01)
$ git commit -m "all"
[test01 7d686cb] all
 2 files changed, 722 insertions(+)
 create mode 100644 .good.txt.swp
 create mode 100644 log.txt

flat@DESKTOP-266RI19 MINGW64 ~/Desktop/gittest (test01)
$ vim good.txt

flat@DESKTOP-266RI19 MINGW64 ~/Desktop/gittest (test01)
$ git merge master
Already up to date.

flat@DESKTOP-266RI19 MINGW64 ~/Desktop/gittest (test01)
$ ^C

flat@DESKTOP-266RI19 MINGW64 ~/Desktop/gittest (test01)
$ cat good.txt
kkkkaa
fffs
vfddv
kkkki
llll
tttt
edit branch by test01
3

flat@DESKTOP-266RI19 MINGW64 ~/Desktop/gittest (test01)
$ vim good.txt

flat@DESKTOP-266RI19 MINGW64 ~/Desktop/gittest (test01)
$ rm  .good.txt.swp

flat@DESKTOP-266RI19 MINGW64 ~/Desktop/gittest (test01)
$ git add .

flat@DESKTOP-266RI19 MINGW64 ~/Desktop/gittest (test01)
$ git status
On branch test01
Changes to be committed:
  (use "git restore --staged <file>..." to unstage)
        deleted:    .good.txt.swp


flat@DESKTOP-266RI19 MINGW64 ~/Desktop/gittest (test01)
$ git commit -m "d"
[test01 aaebff6] d
 1 file changed, 0 insertions(+), 0 deletions(-)
 delete mode 100644 .good.txt.swp

flat@DESKTOP-266RI19 MINGW64 ~/Desktop/gittest (test01)
$ vim good.txt

flat@DESKTOP-266RI19 MINGW64 ~/Desktop/gittest (test01)
$ git add good.txt

flat@DESKTOP-266RI19 MINGW64 ~/Desktop/gittest (test01)
$ git commit good.txt
[test01 83b6e1d] 8
 1 file changed, 1 insertion(+), 1 deletion(-)

flat@DESKTOP-266RI19 MINGW64 ~/Desktop/gittest (test01)
$ git merge master
Already up to date.

flat@DESKTOP-266RI19 MINGW64 ~/Desktop/gittest (test01)
$ vim good.txt

flat@DESKTOP-266RI19 MINGW64 ~/Desktop/gittest (test01)
$ git add .

flat@DESKTOP-266RI19 MINGW64 ~/Desktop/gittest (test01)
$ git commit -m "all"
[test01 746ab2f] all
 1 file changed, 1 insertion(+), 1 deletion(-)

flat@DESKTOP-266RI19 MINGW64 ~/Desktop/gittest (test01)
$ git checkoute master
git: 'checkoute' is not a git command. See 'git --help'.

The most similar command is
        checkout

flat@DESKTOP-266RI19 MINGW64 ~/Desktop/gittest (test01)
$ git checkout master
Switched to branch 'master'

flat@DESKTOP-266RI19 MINGW64 ~/Desktop/gittest (master)
$ vim good.txt

flat@DESKTOP-266RI19 MINGW64 ~/Desktop/gittest (master)
$ git add .

flat@DESKTOP-266RI19 MINGW64 ~/Desktop/gittest (master)
$ git commit -m "sall"
[master 3146b77] sall
 1 file changed, 1 insertion(+), 1 deletion(-)

flat@DESKTOP-266RI19 MINGW64 ~/Desktop/gittest (master)
$ git merge test01
Auto-merging good.txt
CONFLICT (content): Merge conflict in good.txt
Automatic merge failed; fix conflicts and then commit the result.

flat@DESKTOP-266RI19 MINGW64 ~/Desktop/gittest (master|MERGING)
$ ll
total 25
drwxr-xr-x 1 flat 197609     0 May 29 19:40 WeChat/
-rw-r--r-- 1 flat 197609   110 May 30 22:17 good.txt
-rw-r--r-- 1 flat 197609 21517 May 30 22:17 log.txt

flat@DESKTOP-266RI19 MINGW64 ~/Desktop/gittest (master|MERGING)
$ vim good.txt

flat@DESKTOP-266RI19 MINGW64 ~/Desktop/gittest (master|MERGING)
$ cat good.txt
kkkkaa
fffs
vfddv
kkkki
llll
tttt
edit branch by test01
11

flat@DESKTOP-266RI19 MINGW64 ~/Desktop/gittest (master|MERGING)
$ git add .

flat@DESKTOP-266RI19 MINGW64 ~/Desktop/gittest (master|MERGING)
$ git commit -m "merge from master"
[master 384876f] merge from master

flat@DESKTOP-266RI19 MINGW64 ~/Desktop/gittest (master)
$ cat good.txt
kkkkaa
fffs
vfddv
kkkki
llll
tttt
edit branch by test01
11

flat@DESKTOP-266RI19 MINGW64 ~/Desktop/gittest (master)
$ git status
On branch master
nothing to commit, working tree clean

flat@DESKTOP-266RI19 MINGW64 ~/Desktop/gittest (master)
$ vim good.txt

flat@DESKTOP-266RI19 MINGW64 ~/Desktop/gittest (master)
$ vim good.txt

flat@DE
=======

flat@DESKTOP-266RI19 MINGW64 ~/Desktop/gittest (master)
$ git remote -v

flat@DESKTOP-266RI19 MINGW64 ~/Desktop/gittest (master)
$ git remote add origin https://github.com/xiaoping110/huanshan.git

flat@DESKTOP-266RI19 MINGW64 ~/Desktop/gittest (master)
$ git remote -v
origin  https://github.com/xiaoping110/huanshan.git (fetch)
origin  https://github.com/xiaoping110/huanshan.git (push)

flat@DESKTOP-266RI19 MINGW64 ~/Desktop/gittest (master)
$ git push origin master
Enumerating objects: 42, done.
Counting objects: 100% (42/42), done.
Delta compression using up to 8 threads
Compressing objects: 100% (29/29), done.
Writing objects: 100% (42/42), 6.00 KiB | 613.00 KiB/s, done.
Total 42 (delta 5), reused 0 (delta 0), pack-reused 0
remote: Resolving deltas: 100% (5/5), done.
To https://github.com/xiaoping110/huanshan.git
 * [new branch]      master -> master



flat@DESKTOP-266RI19 MINGW64 ~/Desktop/huashanlinghuchong
$ git clone https://github.com/xiaoping110/huanshan.git
Cloning into 'huanshan'...
remote: Enumerating objects: 42, done.
remote: Counting objects: 100% (42/42), done.
remote: Compressing objects: 100% (24/24), done.
remote: Total 42 (delta 5), reused 42 (delta 5), pack-reused 0
Receiving objects: 100% (42/42), 6.00 KiB | 767.00 KiB/s, done.
Resolving deltas: 100% (5/5), done.

>>>>>>> origin/master
